// Jest Snapshot v1, https://goo.gl/fbAQLP

exports[`<Button /> Matches the snapshot 1`] = `
<button
  className="btn btn-primary "
  data-testid="btn"
  id="snapshot-btn"
  onClick={[MockFunction]}
  type="button"
>
  Snapshot Button
</button>
`;
