// Jest Snapshot v1, https://goo.gl/fbAQLP

exports[`Styled components <StyledButton /> Matches the snapshot 1`] = `
<button
  className="sc-bdfBwQ jCToZW"
  id="snapshot-btn"
  onClick={[MockFunction]}
>
  Snapshot Button
</button>
`;
